[appventureztech.in/index.html]
[backblue.gif]
[fade.gif]
[index.html]
[appventureztech.in/wp-content/plugins/contact-form-7/includes/css/styles38d6.css]
[appventureztech.in/wp-content/plugins/country-phone-field-contact-form-7/assets/css/intlTelInput.minb6a4.css]
[appventureztech.in/wp-content/plugins/country-phone-field-contact-form-7/assets/css/countrySelect.minb6a4.css]
[appventureztech.in/wp-content/themes/appventurez_theme/css/style.css]
[appventureztech.in/wp-content/themes/appventurez_theme/css/style-second.css]
[appventureztech.in/wp-content/themes/appventurez_theme/css/style2.css]
[appventureztech.in/wp-content/uploads/2024/05/cropped-Appventurez-Favicon-32x32.png]
[appventureztech.in/wp-content/uploads/2024/05/cropped-Appventurez-Favicon-192x192.png]
[appventureztech.in/wp-content/uploads/2024/05/cropped-Appventurez-Favicon-180x180.png]
[appventureztech.in/wp-content/themes/appventurez_theme/css/owl.carousel.min.css]
[appventureztech.in/wp-content/themes/appventurez_theme/assets/logo_whites.svg]
[appventureztech.in/wp-content/themes/appventurez_theme/assets/logo/us.svg]
[appventureztech.in/wp-content/themes/appventurez_theme/assets/contact/white_down_arrow.svg]
[appventureztech.in/wp-content/themes/appventurez_theme/assets/thankyou.gif]
[appventureztech.in/wp-content/themes/appventurez_theme/assets/home_new/trusted_logos_desktop.png]
[appventureztech.in/wp-content/themes/appventurez_theme/assets/home_new/trusted_logos_mobile.png]
[appventureztech.in/wp-content/themes/appventurez_theme/assets/ai-landing/gribb-image.png]
[appventureztech.in/wp-content/themes/appventurez_theme/assets/ai-landing/gribb-logo.png]
[appventureztech.in/wp-content/themes/appventurez_theme/assets/ai-landing/matajir.png]
[appventureztech.in/wp-content/themes/appventurez_theme/assets/ai-landing/MatajerLogo.png]
[appventureztech.in/wp-content/themes/appventurez_theme/assets/ai-landing/EFL-Image.png]
[appventureztech.in/wp-content/themes/appventurez_theme/assets/ai-landing/EFL-Logo.png]
[appventureztech.in/wp-content/themes/appventurez_theme/assets/ai-landing/ai-cta.png]
[appventureztech.in/wp-content/themes/appventurez_theme/assets/industriesServe/Healthcare.png]
[appventureztech.in/wp-content/themes/appventurez_theme/assets/industriesServe/Fintech.png]
[appventureztech.in/wp-content/themes/appventurez_theme/assets/industriesServe/Logistics.png]
[appventureztech.in/wp-content/themes/appventurez_theme/assets/industriesServe/Ecommerce.png]
[appventureztech.in/wp-content/themes/appventurez_theme/assets/industriesServe/Education.png]
[appventureztech.in/wp-content/themes/appventurez_theme/assets/industriesServe/entertainment.png]
[appventureztech.in/wp-content/themes/appventurez_theme/assets/Jeroen-Bruinooge.png]
[appventureztech.in/wp-content/themes/appventurez_theme/assets/rating-star.svg]
[appventureztech.in/wp-content/themes/appventurez_theme/assets/home_new/Client-Review.png]
[appventureztech.in/wp-content/themes/appventurez_theme/assets/home_new/Mike01.png]
[appventureztech.in/wp-content/themes/appventurez_theme/assets/home_new/Rohit01.png]
[appventureztech.in/wp-content/themes/appventurez_theme/assets/home_new/whatsapp.svg]
[appventureztech.in/wp-content/themes/appventurez_theme/assets/home_new/skype.svg]
[appventureztech.in/wp-content/plugins/sticky-chat-whatsap/images/whatsapp.png]
[appventureztech.in/wp-content/plugins/contact-form-7/includes/swv/js/index38d6.js]
[appventureztech.in/wp-content/plugins/contact-form-7/includes/js/index38d6.js]
[appventureztech.in/wp-includes/js/jquery/jquery.minf43b.js]
[appventureztech.in/wp-includes/js/jquery/jquery-migrate.min5589.js]
[appventureztech.in/wp-content/plugins/country-phone-field-contact-form-7/assets/js/intlTelInput.minb6a4.js]
[appventureztech.in/wp-content/plugins/country-phone-field-contact-form-7/assets/js/countrySelect.minb6a4.js]
[appventureztech.in/wp-content/themes/appventurez_theme/js/main.js]
[appventureztech.in/wp-content/themes/appventurez_theme/js/jquery.min.js]
[appventureztech.in/wp-content/themes/appventurez_theme/js/swipper/swiper-bundle.min.js]
[appventureztech.in/wp-content/themes/appventurez_theme/js/swipper/gallery_carousel.js]
[cdnjs.cloudflare.com/ajax/libs/slick-carousel/1.5.9/slick.min.js]
[appventureztech.in/wp-content/themes/appventurez_theme/js/carosual.js]
[appventureztech.in/wp-content/themes/appventurez_theme/js/owl.carousel.min.js]
[appventureztech.in/wp-content/themes/appventurez_theme/js/owl-carosual-custom.js]
[appventureztech.in/wp-content/themes/appventurez_theme/js/lazy/jquery.lazy.min.js]
[appventureztech.in/index.html]
[appventureztech.in/wp-content/plugins/contact-form-7/includes/css/styles38d6.css]
[appventureztech.in/wp-content/themes/appventurez_theme/js/lazy/jquery.lazy.plugins.min.js]
[appventureztech.in/wp-content/plugins/country-phone-field-contact-form-7/assets/img/flags.png]
[appventureztech.in/wp-content/plugins/country-phone-field-contact-form-7/assets/img/flags@2x.png]
[appventureztech.in/wp-content/plugins/country-phone-field-contact-form-7/assets/css/intlTelInput.minb6a4.css]
[appventureztech.in/wp-content/plugins/country-phone-field-contact-form-7/assets/css/countrySelect.minb6a4.css]
[appventureztech.in/wp-content/themes/appventurez_theme/assets/font-playfair/PlayfairDisplay-Regular.ttf]
[appventureztech.in/wp-content/themes/appventurez_theme/assets/font-playfair/PlayfairDisplay-Medium.ttf]
[appventureztech.in/wp-content/themes/appventurez_theme/assets/font-playfair/PlayfairDisplay-SemiBold.ttf]
[appventureztech.in/wp-content/themes/appventurez_theme/assets/font-playfair/PlayfairDisplay-Bold.ttf]
[appventureztech.in/wp-content/themes/appventurez_theme/assets/font/OpenSans-Light.ttf]
[appventureztech.in/wp-content/themes/appventurez_theme/assets/font/OpenSans-Regular.ttf]
[appventureztech.in/wp-content/themes/appventurez_theme/assets/font/OpenSans-Medium.ttf]
[appventureztech.in/wp-content/themes/appventurez_theme/assets/font/OpenSans-SemiBold.ttf]
[appventureztech.in/wp-content/themes/appventurez_theme/assets/font/OpenSans-Bold.ttf]
[appventureztech.in/wp-content/themes/appventurez_theme/assets/font-Bebas/Bebas-Regular.otf]
[appventureztech.in/wp-content/themes/appventurez_theme/assets/contact/dark_down_arrow.svg]
[appventureztech.in/wp-content/themes/appventurez_theme/assets/department-chatBot/data-poweredBanner.svg]
[appventureztech.in/wp-content/themes/appventurez_theme/assets/ezipay/CTA_01.svg]
[appventureztech.in/wp-content/themes/appventurez_theme/assets/tontiy/CTA_02.svg]
[appventureztech.in/wp-content/themes/appventurez_theme/assets/clear/clear_cta.svg]
[appventureztech.in/wp-content/themes/appventurez_theme/assets/case_study/matajer_cta.svg]
[appventureztech.in/wp-content/themes/appventurez_theme/assets/case_study/asapp_cta.svg]
[appventureztech.in/wp-content/themes/appventurez_theme/assets/case_study/dayprise_cta.svg]
[appventureztech.in/wp-content/themes/appventurez_theme/assets/toogether/toogether_Cta.png]
[appventureztech.in/wp-content/themes/appventurez_theme/assets/department-chatBot/CTA_Banner_Orange.svg]
[appventureztech.in/wp-content/themes/appventurez_theme/assets/TontyCTA_Mobile.svg]
[appventureztech.in/wp-content/themes/appventurez_theme/assets/MobileCTA02.svg]
[appventureztech.in/wp-content/themes/appventurez_theme/assets/EzipayCTA_Mobile.svg]
[appventureztech.in/wp-content/themes/appventurez_theme/assets/ToogethrCTA_Mobile.svg]
[appventureztech.in/wp-content/themes/appventurez_theme/assets/ClearCTA_Mobile.svg]
[appventureztech.in/wp-content/themes/appventurez_theme/assets/case_study/Matajer_CTA_Mobile.png]
[appventureztech.in/wp-content/themes/appventurez_theme/assets/case_study/Asapp CTA_Mobile.svg]
[appventureztech.in/wp-content/themes/appventurez_theme/assets/case_study/Dayprise_CTA_Mobile.svg]
[appventureztech.in/wp-content/themes/appventurez_theme/assets/MobileCTA01.svg]
[appventureztech.in/wp-content/themes/appventurez_theme/assets/amaze-cta.svg]
[appventureztech.in/wp-content/themes/appventurez_theme/assets/Gaybnd/gayBndCta.svg]
[appventureztech.in/wp-content/themes/appventurez_theme/assets/Radiuz/raiduz-Cta.svg]
[appventureztech.in/wp-content/themes/appventurez_theme/assets/Gaybnd/gaybnb_ctaMob.svg]
[appventureztech.in/wp-content/themes/appventurez_theme/assets/Radiuz/RadiuzCTA_Mobile.svg]
[appventureztech.in/wp-content/themes/appventurez_theme/assets/moove/MooveCta.svg]
[appventureztech.in/wp-content/themes/appventurez_theme/assets/moove/Moove_CTA_Mobile.svg]
[appventureztech.in/wp-content/themes/appventurez_theme/css/style.css]
[appventureztech.in/wp-content/themes/appventurez_theme/css/style-second.css]
[appventureztech.in/wp-content/themes/appventurez_theme/assets/home_new/collaborate_mobile_cta.png]
[appventureztech.in/wp-content/themes/appventurez_theme/assets/android/android.svg]
[appventureztech.in/wp-content/themes/appventurez_theme/assets/visionos/visionOsBanner.png]
[appventureztech.in/wp-content/themes/appventurez_theme/assets/mobile-app-dev/mobile-app-banner.png]
[appventureztech.in/wp-content/themes/appventurez_theme/assets/mobile-app-dev/bg.png]
[appventureztech.in/wp-content/themes/appventurez_theme/assets/block-Chain/blockChainBanner.png]
[appventureztech.in/wp-content/themes/appventurez_theme/assets/right_arrow.svg]
[appventureztech.in/wp-content/themes/appventurez_theme/assets/ios_page/ios_banner.png]
[appventureztech.in/wp-content/themes/appventurez_theme/assets/ios_page/bottom-left.png]
[appventureztech.in/wp-content/themes/appventurez_theme/assets/ios_page/top-right.png]
[appventureztech.in/wp-content/themes/appventurez_theme/assets/contac_page/contact_banner.png]
[appventureztech.in/wp-content/themes/appventurez_theme/assets/Odoo/bannerodoo.png]
[appventureztech.in/wp-content/themes/appventurez_theme/assets/Odoo/right_arrow_white.png]
[appventureztech.in/wp-content/themes/appventurez_theme/assets/crm/crmBanner.png]
[appventureztech.in/wp-content/themes/appventurez_theme/assets/ai-landing/dubai_img.png]
[appventureztech.in/wp-content/themes/appventurez_theme/assets/ai-landing/saudi_img.png]
[appventureztech.in/wp-content/themes/appventurez_theme/assets/ai-landing/qatarBanner.png]
[appventureztech.in/wp-content/themes/appventurez_theme/css/style2.css]
[appventureztech.in/wp-content/themes/appventurez_theme/css/owl.video.play.png]
[appventureztech.in/wp-content/themes/appventurez_theme/css/owl.carousel.min.css]
[appventureztech.in/wp-content/themes/appventurez_theme/assets/logo_whites.svg]
[appventureztech.in/wp-content/themes/appventurez_theme/assets/logo/us.svg]
[appventureztech.in/wp-content/themes/appventurez_theme/assets/contact/white_down_arrow.svg]
[appventureztech.in/wp-content/themes/appventurez_theme/assets/rating-star.svg]
[appventureztech.in/wp-content/themes/appventurez_theme/assets/home_new/whatsapp.svg]
[appventureztech.in/wp-content/themes/appventurez_theme/assets/home_new/skype.svg]
[appventureztech.in/wp-content/themes/appventurez_theme/assets/font-playfair/PlayfairDisplay-Regular.html]
[appventureztech.in/wp-content/themes/appventurez_theme/assets/font-playfair/PlayfairDisplay-Medium.html]
[appventureztech.in/wp-content/themes/appventurez_theme/assets/font-playfair/PlayfairDisplay-SemiBold.html]
[appventureztech.in/wp-content/themes/appventurez_theme/assets/font-playfair/PlayfairDisplay-Bold.html]
[appventureztech.in/wp-content/themes/appventurez_theme/assets/contact/dark_down_arrow.svg]
[appventureztech.in/wp-content/themes/appventurez_theme/assets/department-chatBot/data-poweredBanner.html]
[appventureztech.in/wp-content/themes/appventurez_theme/assets/ezipay/CTA_01.html]
[appventureztech.in/wp-content/themes/appventurez_theme/assets/tontiy/CTA_02.html]
[appventureztech.in/wp-content/themes/appventurez_theme/assets/clear/clear_cta.html]
[appventureztech.in/wp-content/themes/appventurez_theme/assets/case_study/matajer_cta.html]
[appventureztech.in/wp-content/themes/appventurez_theme/assets/case_study/asapp_cta.html]
[appventureztech.in/wp-content/themes/appventurez_theme/assets/case_study/dayprise_cta.html]
[appventureztech.in/wp-content/themes/appventurez_theme/assets/toogether/toogether_Cta.html]
[appventureztech.in/wp-content/themes/appventurez_theme/assets/department-chatBot/CTA_Banner_Orange.html]
[appventureztech.in/wp-content/themes/appventurez_theme/assets/TontyCTA_Mobile.html]
[appventureztech.in/wp-content/themes/appventurez_theme/assets/MobileCTA02.html]
[appventureztech.in/wp-content/themes/appventurez_theme/assets/EzipayCTA_Mobile.html]
[appventureztech.in/wp-content/themes/appventurez_theme/assets/ToogethrCTA_Mobile.html]
[appventureztech.in/wp-content/themes/appventurez_theme/assets/ClearCTA_Mobile.html]
[appventureztech.in/wp-content/themes/appventurez_theme/assets/case_study/Matajer_CTA_Mobile.html]
[appventureztech.in/wp-content/themes/appventurez_theme/assets/case_study/Asapp CTA_Mobile.html]
[appventureztech.in/wp-content/themes/appventurez_theme/assets/case_study/Dayprise_CTA_Mobile.html]
[appventureztech.in/wp-content/themes/appventurez_theme/assets/MobileCTA01.html]
[appventureztech.in/wp-content/themes/appventurez_theme/assets/amaze-cta.html]
[appventureztech.in/wp-content/themes/appventurez_theme/assets/Gaybnd/gayBndCta.html]
[appventureztech.in/wp-content/themes/appventurez_theme/assets/Radiuz/raiduz-Cta.html]
[appventureztech.in/wp-content/themes/appventurez_theme/assets/Gaybnd/gaybnb_ctaMob.html]
[appventureztech.in/wp-content/themes/appventurez_theme/assets/Radiuz/RadiuzCTA_Mobile.html]
[appventureztech.in/wp-content/themes/appventurez_theme/assets/moove/MooveCta.html]
[appventureztech.in/wp-content/themes/appventurez_theme/assets/moove/Moove_CTA_Mobile.html]
[appventureztech.in/wp-content/themes/appventurez_theme/assets/android/android.html]
[appventureztech.in/wp-content/themes/appventurez_theme/assets/visionos/visionOsBanner.html]
[appventureztech.in/wp-content/themes/appventurez_theme/assets/mobile-app-dev/mobile-app-banner.html]
[appventureztech.in/wp-content/themes/appventurez_theme/assets/mobile-app-dev/bg.html]
[appventureztech.in/wp-content/themes/appventurez_theme/assets/block-Chain/blockChainBanner.html]
[appventureztech.in/wp-content/themes/appventurez_theme/assets/right_arrow.svg]
[appventureztech.in/wp-content/themes/appventurez_theme/assets/ios_page/ios_banner.html]
[appventureztech.in/wp-content/themes/appventurez_theme/assets/ios_page/bottom-left.html]
[appventureztech.in/wp-content/themes/appventurez_theme/assets/ios_page/top-right.html]
[appventureztech.in/wp-content/themes/appventurez_theme/assets/contac_page/contact_banner.html]
[appventureztech.in/wp-content/themes/appventurez_theme/assets/Odoo/bannerodoo.html]
[appventureztech.in/wp-content/themes/appventurez_theme/assets/Odoo/right_arrow_white.html]
[appventureztech.in/wp-content/themes/appventurez_theme/assets/crm/crmBanner.html]
[appventureztech.in/wp-content/themes/appventurez_theme/css/owl.video.play.html]
